C:/Projects/Tetris/Core/Src/main.c:942:13:SPI5_Write	16	static
C:/Projects/Tetris/Core/Src/main.c:1052:6:MovingTask	16	static
C:/Projects/Tetris/Core/Src/main.c:1078:6:VibrateTask	8	static
C:/Projects/Tetris/Core/Src/main.c:269:6:SystemClock_Config	88	static
C:/Projects/Tetris/Core/Src/main.c:168:5:main	112	static
C:/Projects/Tetris/Core/Src/main.c:786:6:IOE_Init	0	static
C:/Projects/Tetris/Core/Src/main.c:795:6:IOE_ITConfig	0	static
C:/Projects/Tetris/Core/Src/main.c:807:6:IOE_Write	32	static
C:/Projects/Tetris/Core/Src/main.c:818:9:IOE_Read	32	static
C:/Projects/Tetris/Core/Src/main.c:831:10:IOE_ReadMultiple	24	static
C:/Projects/Tetris/Core/Src/main.c:840:6:IOE_Delay	0	static
C:/Projects/Tetris/Core/Src/main.c:968:6:LCD_IO_Init	8	static
C:/Projects/Tetris/Core/Src/main.c:978:6:LCD_IO_WriteData	16	static
C:/Projects/Tetris/Core/Src/main.c:994:6:LCD_IO_WriteReg	16	static
C:/Projects/Tetris/Core/Src/main.c:1013:10:LCD_IO_ReadData	32	static
C:/Projects/Tetris/Core/Src/main.c:1040:6:LCD_Delay	0	static
C:/Projects/Tetris/Core/Src/main.c:1092:10:GetSector	0	static
C:/Projects/Tetris/Core/Src/main.c:1121:10:Flash_Write_Data	32	static
C:/Projects/Tetris/Core/Src/main.c:1171:6:Flash_Read_Data	0	static
C:/Projects/Tetris/Core/Src/main.c:1180:6:HAL_GPIO_EXTI_Callback	16	static
C:/Projects/Tetris/Core/Src/main.c:1231:6:HAL_TIM_PeriodElapsedCallback	0	static
C:/Projects/Tetris/Core/Src/main.c:1249:6:Error_Handler	0	static
