C:/Users/Admin/Downloads/Project-IT4210-main/Core/Src/main.c:943:13:SPI5_Write	1
C:/Users/Admin/Downloads/Project-IT4210-main/Core/Src/main.c:1053:6:MovingTask	4
C:/Users/Admin/Downloads/Project-IT4210-main/Core/Src/main.c:270:6:SystemClock_Config	4
C:/Users/Admin/Downloads/Project-IT4210-main/Core/Src/main.c:787:6:IOE_Init	1
C:/Users/Admin/Downloads/Project-IT4210-main/Core/Src/main.c:796:6:IOE_ITConfig	1
C:/Users/Admin/Downloads/Project-IT4210-main/Core/Src/main.c:808:6:IOE_Write	1
C:/Users/Admin/Downloads/Project-IT4210-main/Core/Src/main.c:819:9:IOE_Read	1
C:/Users/Admin/Downloads/Project-IT4210-main/Core/Src/main.c:832:10:IOE_ReadMultiple	1
C:/Users/Admin/Downloads/Project-IT4210-main/Core/Src/main.c:841:6:IOE_Delay	1
C:/Users/Admin/Downloads/Project-IT4210-main/Core/Src/main.c:969:6:LCD_IO_Init	1
C:/Users/Admin/Downloads/Project-IT4210-main/Core/Src/main.c:979:6:LCD_IO_WriteData	1
C:/Users/Admin/Downloads/Project-IT4210-main/Core/Src/main.c:995:6:LCD_IO_WriteReg	1
C:/Users/Admin/Downloads/Project-IT4210-main/Core/Src/main.c:1014:10:LCD_IO_ReadData	1
C:/Users/Admin/Downloads/Project-IT4210-main/Core/Src/main.c:1041:6:LCD_Delay	1
C:/Users/Admin/Downloads/Project-IT4210-main/Core/Src/main.c:1077:6:VibrateTask	0
C:/Users/Admin/Downloads/Project-IT4210-main/Core/Src/main.c:1105:6:DF_SendCommand	1
C:/Users/Admin/Downloads/Project-IT4210-main/Core/Src/main.c:1090:6:GameOverTask	2
C:/Users/Admin/Downloads/Project-IT4210-main/Core/Src/main.c:168:5:main	13
C:/Users/Admin/Downloads/Project-IT4210-main/Core/Src/main.c:1114:10:GetSector	24
C:/Users/Admin/Downloads/Project-IT4210-main/Core/Src/main.c:1143:10:Flash_Write_Data	4
C:/Users/Admin/Downloads/Project-IT4210-main/Core/Src/main.c:1193:6:Flash_Read_Data	2
C:/Users/Admin/Downloads/Project-IT4210-main/Core/Src/main.c:1202:6:HAL_GPIO_EXTI_Callback	8
C:/Users/Admin/Downloads/Project-IT4210-main/Core/Src/main.c:1246:6:HAL_TIM_PeriodElapsedCallback	2
C:/Users/Admin/Downloads/Project-IT4210-main/Core/Src/main.c:1264:6:Error_Handler	1
