C:/Users/Admin/Downloads/Project-IT4210-main/Core/Src/main.c:943:13:SPI5_Write	16	static
C:/Users/Admin/Downloads/Project-IT4210-main/Core/Src/main.c:1053:6:MovingTask	16	static
C:/Users/Admin/Downloads/Project-IT4210-main/Core/Src/main.c:270:6:SystemClock_Config	88	static
C:/Users/Admin/Downloads/Project-IT4210-main/Core/Src/main.c:787:6:IOE_Init	0	static
C:/Users/Admin/Downloads/Project-IT4210-main/Core/Src/main.c:796:6:IOE_ITConfig	0	static
C:/Users/Admin/Downloads/Project-IT4210-main/Core/Src/main.c:808:6:IOE_Write	32	static
C:/Users/Admin/Downloads/Project-IT4210-main/Core/Src/main.c:819:9:IOE_Read	32	static
C:/Users/Admin/Downloads/Project-IT4210-main/Core/Src/main.c:832:10:IOE_ReadMultiple	24	static
C:/Users/Admin/Downloads/Project-IT4210-main/Core/Src/main.c:841:6:IOE_Delay	0	static
C:/Users/Admin/Downloads/Project-IT4210-main/Core/Src/main.c:969:6:LCD_IO_Init	8	static
C:/Users/Admin/Downloads/Project-IT4210-main/Core/Src/main.c:979:6:LCD_IO_WriteData	16	static
C:/Users/Admin/Downloads/Project-IT4210-main/Core/Src/main.c:995:6:LCD_IO_WriteReg	16	static
C:/Users/Admin/Downloads/Project-IT4210-main/Core/Src/main.c:1014:10:LCD_IO_ReadData	32	static
C:/Users/Admin/Downloads/Project-IT4210-main/Core/Src/main.c:1041:6:LCD_Delay	0	static
C:/Users/Admin/Downloads/Project-IT4210-main/Core/Src/main.c:1077:6:VibrateTask	8	static
C:/Users/Admin/Downloads/Project-IT4210-main/Core/Src/main.c:1105:6:DF_SendCommand	24	static
C:/Users/Admin/Downloads/Project-IT4210-main/Core/Src/main.c:1090:6:GameOverTask	8	static
C:/Users/Admin/Downloads/Project-IT4210-main/Core/Src/main.c:168:5:main	112	static
C:/Users/Admin/Downloads/Project-IT4210-main/Core/Src/main.c:1114:10:GetSector	0	static
C:/Users/Admin/Downloads/Project-IT4210-main/Core/Src/main.c:1143:10:Flash_Write_Data	32	static
C:/Users/Admin/Downloads/Project-IT4210-main/Core/Src/main.c:1193:6:Flash_Read_Data	0	static
C:/Users/Admin/Downloads/Project-IT4210-main/Core/Src/main.c:1202:6:HAL_GPIO_EXTI_Callback	16	static
C:/Users/Admin/Downloads/Project-IT4210-main/Core/Src/main.c:1246:6:HAL_TIM_PeriodElapsedCallback	0	static
C:/Users/Admin/Downloads/Project-IT4210-main/Core/Src/main.c:1264:6:Error_Handler	0	static
