../Application/User/TetrisEngine.cpp:51:10:uint32_t my_rand()	8	static
../Application/User/TetrisEngine.cpp:84:6:void TetrisEngine::generateNextBlock()	8	static
../Application/User/TetrisEngine.cpp:119:6:void TetrisEngine::getNextBlock(BlockMatrix&, int&, uint16_t&, int&) const	20	static
../Application/User/TetrisEngine.cpp:129:6:void TetrisEngine::spawnBlock()	8	static
../Application/User/TetrisEngine.cpp:68:6:void TetrisEngine::init()	8	static
../Application/User/TetrisEngine.cpp:47:1:TetrisEngine::TetrisEngine()	8	static
../Application/User/TetrisEngine.cpp:153:6:void TetrisEngine::rotateMatrix(BlockMatrix&)	88	static
../Application/User/TetrisEngine.cpp:166:6:void TetrisEngine::getBlockBounds(const BlockMatrix&, int&, int&, int&, int&)	20	static
../Application/User/TetrisEngine.cpp:188:6:bool TetrisEngine::checkCollision(int, int, const BlockMatrix&)	64	static
../Application/User/TetrisEngine.cpp:286:6:bool TetrisEngine::applyGravity()	232	static
../Application/User/TetrisEngine.cpp:338:6:void TetrisEngine::clearLines()	32	static
../Application/User/TetrisEngine.cpp:211:6:void TetrisEngine::lockBlock()	24	static
../Application/User/TetrisEngine.cpp:372:6:void TetrisEngine::update()	16	static
../Application/User/TetrisEngine.cpp:389:6:void TetrisEngine::moveLeft()	16	static
../Application/User/TetrisEngine.cpp:395:6:void TetrisEngine::moveRight()	16	static
../Application/User/TetrisEngine.cpp:401:6:void TetrisEngine::drop()	24	static
../Application/User/TetrisEngine.cpp:410:6:void TetrisEngine::rotate()	80	static
../Application/User/TetrisEngine.cpp:421:10:uint16_t TetrisEngine::getCurrentBlockColor() const	0	static
../Application/User/TetrisEngine.cpp:425:10:uint16_t TetrisEngine::getGridColor(int, int) const	0	static
../Application/User/TetrisEngine.cpp:429:6:void TetrisEngine::selectLevel(char)	0	static
