../Application/User/TetrisEngine.cpp:45:10:uint32_t my_rand()	16	static
../Application/User/TetrisEngine.cpp:83:6:void TetrisEngine::generateNextBlock()	16	static
../Application/User/TetrisEngine.cpp:100:6:void TetrisEngine::getNextBlock(BlockMatrix&, int&, uint16_t&) const	20	static
../Application/User/TetrisEngine.cpp:111:6:void TetrisEngine::spawnBlock()	8	static
../Application/User/TetrisEngine.cpp:62:6:void TetrisEngine::init()	8	static
../Application/User/TetrisEngine.cpp:41:1:TetrisEngine::TetrisEngine()	8	static
../Application/User/TetrisEngine.cpp:130:6:void TetrisEngine::rotateMatrix(BlockMatrix&)	88	static
../Application/User/TetrisEngine.cpp:147:6:void TetrisEngine::getBlockBounds(const BlockMatrix&, int&, int&, int&, int&)	20	static
../Application/User/TetrisEngine.cpp:166:6:bool TetrisEngine::checkCollision(int, int, const BlockMatrix&)	64	static
../Application/User/TetrisEngine.cpp:209:6:void TetrisEngine::clearLines()	32	static
../Application/User/TetrisEngine.cpp:189:6:void TetrisEngine::lockBlock()	24	static
../Application/User/TetrisEngine.cpp:232:6:void TetrisEngine::update()	16	static
../Application/User/TetrisEngine.cpp:250:6:void TetrisEngine::moveLeft()	16	static
../Application/User/TetrisEngine.cpp:261:6:void TetrisEngine::moveRight()	16	static
../Application/User/TetrisEngine.cpp:272:6:void TetrisEngine::drop()	24	static
../Application/User/TetrisEngine.cpp:284:6:void TetrisEngine::rotate()	80	static
../Application/User/TetrisEngine.cpp:298:10:uint16_t TetrisEngine::getCurrentBlockColor() const	0	static
../Application/User/TetrisEngine.cpp:308:10:uint16_t TetrisEngine::getGridColor(int, int) const	0	static
