../Drivers/STM32F4xx_HAL_Driver/stm32f4xx_hal_uart.c:3371:13:UART_EndRxTransfer	0	static,ignoring_inline_asm
../Drivers/STM32F4xx_HAL_Driver/stm32f4xx_hal_uart.c:3732:13:UART_SetConfig	16	static
../Drivers/STM32F4xx_HAL_Driver/stm32f4xx_hal_uart.c:3213:26:UART_WaitOnFlagUntilTimeout.constprop	32	static
../Drivers/STM32F4xx_HAL_Driver/stm32f4xx_hal_uart.c:716:13:HAL_UART_MspInit	0	static
../Drivers/STM32F4xx_HAL_Driver/stm32f4xx_hal_uart.c:358:19:HAL_UART_Init	8	static
../Drivers/STM32F4xx_HAL_Driver/stm32f4xx_hal_uart.c:436:19:HAL_HalfDuplex_Init	8	static
../Drivers/STM32F4xx_HAL_Driver/stm32f4xx_hal_uart.c:510:19:HAL_LIN_Init	16	static
../Drivers/STM32F4xx_HAL_Driver/stm32f4xx_hal_uart.c:592:19:HAL_MultiProcessor_Init	16	static
../Drivers/STM32F4xx_HAL_Driver/stm32f4xx_hal_uart.c:731:13:HAL_UART_MspDeInit	0	static
../Drivers/STM32F4xx_HAL_Driver/stm32f4xx_hal_uart.c:670:19:HAL_UART_DeInit	8	static
../Drivers/STM32F4xx_HAL_Driver/stm32f4xx_hal_uart.c:1136:19:HAL_UART_Transmit	32	static
../Drivers/STM32F4xx_HAL_Driver/stm32f4xx_hal_uart.c:1222:19:HAL_UART_Receive	32	static
../Drivers/STM32F4xx_HAL_Driver/stm32f4xx_hal_uart.c:1309:19:HAL_UART_Transmit_IT	0	static
../Drivers/STM32F4xx_HAL_Driver/stm32f4xx_hal_uart.c:1380:19:HAL_UART_Transmit_DMA	16	static,ignoring_inline_asm
../Drivers/STM32F4xx_HAL_Driver/stm32f4xx_hal_uart.c:1477:19:HAL_UART_DMAPause	0	static,ignoring_inline_asm
../Drivers/STM32F4xx_HAL_Driver/stm32f4xx_hal_uart.c:1508:19:HAL_UART_DMAResume	8	static,ignoring_inline_asm
../Drivers/STM32F4xx_HAL_Driver/stm32f4xx_hal_uart.c:1542:19:HAL_UART_DMAStop	8	static,ignoring_inline_asm
../Drivers/STM32F4xx_HAL_Driver/stm32f4xx_hal_uart.c:1597:19:HAL_UARTEx_ReceiveToIdle	40	static
../Drivers/STM32F4xx_HAL_Driver/stm32f4xx_hal_uart.c:1847:29:HAL_UARTEx_GetRxEventType	0	static
../Drivers/STM32F4xx_HAL_Driver/stm32f4xx_hal_uart.c:1865:19:HAL_UART_Abort	8	static,ignoring_inline_asm
../Drivers/STM32F4xx_HAL_Driver/stm32f4xx_hal_uart.c:1954:19:HAL_UART_AbortTransmit	8	static,ignoring_inline_asm
../Drivers/STM32F4xx_HAL_Driver/stm32f4xx_hal_uart.c:2005:19:HAL_UART_AbortReceive	8	static,ignoring_inline_asm
../Drivers/STM32F4xx_HAL_Driver/stm32f4xx_hal_uart.c:2620:13:HAL_UART_TxCpltCallback	0	static
../Drivers/STM32F4xx_HAL_Driver/stm32f4xx_hal_uart.c:3016:13:UART_DMATransmitCplt	8	static,ignoring_inline_asm
../Drivers/STM32F4xx_HAL_Driver/stm32f4xx_hal_uart.c:2635:13:HAL_UART_TxHalfCpltCallback	0	static
../Drivers/STM32F4xx_HAL_Driver/stm32f4xx_hal_uart.c:3051:13:UART_DMATxHalfCplt	8	static
../Drivers/STM32F4xx_HAL_Driver/stm32f4xx_hal_uart.c:2650:13:HAL_UART_RxCpltCallback	0	static
../Drivers/STM32F4xx_HAL_Driver/stm32f4xx_hal_uart.c:2665:13:HAL_UART_RxHalfCpltCallback	0	static
../Drivers/STM32F4xx_HAL_Driver/stm32f4xx_hal_uart.c:2680:13:HAL_UART_ErrorCallback	0	static
../Drivers/STM32F4xx_HAL_Driver/stm32f4xx_hal_uart.c:3171:13:UART_DMAError	8	static,ignoring_inline_asm
../Drivers/STM32F4xx_HAL_Driver/stm32f4xx_hal_uart.c:3395:13:UART_DMAAbortOnError	8	static
../Drivers/STM32F4xx_HAL_Driver/stm32f4xx_hal_uart.c:2694:13:HAL_UART_AbortCpltCallback	0	static
../Drivers/STM32F4xx_HAL_Driver/stm32f4xx_hal_uart.c:2066:19:HAL_UART_Abort_IT	16	static,ignoring_inline_asm
../Drivers/STM32F4xx_HAL_Driver/stm32f4xx_hal_uart.c:3464:13:UART_DMARxAbortCallback	8	static
../Drivers/STM32F4xx_HAL_Driver/stm32f4xx_hal_uart.c:3418:13:UART_DMATxAbortCallback	8	static
../Drivers/STM32F4xx_HAL_Driver/stm32f4xx_hal_uart.c:2709:13:HAL_UART_AbortTransmitCpltCallback	0	static
../Drivers/STM32F4xx_HAL_Driver/stm32f4xx_hal_uart.c:2201:19:HAL_UART_AbortTransmit_IT	8	static,ignoring_inline_asm
../Drivers/STM32F4xx_HAL_Driver/stm32f4xx_hal_uart.c:3510:13:UART_DMATxOnlyAbortCallback	8	static
../Drivers/STM32F4xx_HAL_Driver/stm32f4xx_hal_uart.c:2724:13:HAL_UART_AbortReceiveCpltCallback	0	static
../Drivers/STM32F4xx_HAL_Driver/stm32f4xx_hal_uart.c:2278:19:HAL_UART_AbortReceive_IT	8	static,ignoring_inline_asm
../Drivers/STM32F4xx_HAL_Driver/stm32f4xx_hal_uart.c:3538:13:UART_DMARxOnlyAbortCallback	8	static
../Drivers/STM32F4xx_HAL_Driver/stm32f4xx_hal_uart.c:2741:13:HAL_UARTEx_RxEventCallback	0	static
../Drivers/STM32F4xx_HAL_Driver/stm32f4xx_hal_uart.c:3132:13:UART_DMARxHalfCplt	8	static
../Drivers/STM32F4xx_HAL_Driver/stm32f4xx_hal_uart.c:3070:13:UART_DMAReceiveCplt	8	static,ignoring_inline_asm
../Drivers/STM32F4xx_HAL_Driver/stm32f4xx_hal_uart.c:3629:26:UART_Receive_IT.isra	16	static,ignoring_inline_asm
../Drivers/STM32F4xx_HAL_Driver/stm32f4xx_hal_uart.c:2356:6:HAL_UART_IRQHandler	24	static,ignoring_inline_asm
../Drivers/STM32F4xx_HAL_Driver/stm32f4xx_hal_uart.c:2781:19:HAL_LIN_SendBreak	0	static,ignoring_inline_asm
../Drivers/STM32F4xx_HAL_Driver/stm32f4xx_hal_uart.c:2808:19:HAL_MultiProcessor_EnterMuteMode	0	static,ignoring_inline_asm
../Drivers/STM32F4xx_HAL_Driver/stm32f4xx_hal_uart.c:2836:19:HAL_MultiProcessor_ExitMuteMode	0	static,ignoring_inline_asm
../Drivers/STM32F4xx_HAL_Driver/stm32f4xx_hal_uart.c:2864:19:HAL_HalfDuplex_EnableTransmitter	0	static
../Drivers/STM32F4xx_HAL_Driver/stm32f4xx_hal_uart.c:2899:19:HAL_HalfDuplex_EnableReceiver	0	static
../Drivers/STM32F4xx_HAL_Driver/stm32f4xx_hal_uart.c:2956:23:HAL_UART_GetState	0	static
../Drivers/STM32F4xx_HAL_Driver/stm32f4xx_hal_uart.c:2971:10:HAL_UART_GetError	0	static
../Drivers/STM32F4xx_HAL_Driver/stm32f4xx_hal_uart.c:3264:19:UART_Start_Receive_IT	0	static
../Drivers/STM32F4xx_HAL_Driver/stm32f4xx_hal_uart.c:1348:19:HAL_UART_Receive_IT	12	static
../Drivers/STM32F4xx_HAL_Driver/stm32f4xx_hal_uart.c:1722:19:HAL_UARTEx_ReceiveToIdle_IT	24	static,ignoring_inline_asm
../Drivers/STM32F4xx_HAL_Driver/stm32f4xx_hal_uart.c:3299:19:UART_Start_Receive_DMA	24	static,ignoring_inline_asm
../Drivers/STM32F4xx_HAL_Driver/stm32f4xx_hal_uart.c:1450:19:HAL_UART_Receive_DMA	12	static
../Drivers/STM32F4xx_HAL_Driver/stm32f4xx_hal_uart.c:1782:19:HAL_UARTEx_ReceiveToIdle_DMA	24	static,ignoring_inline_asm
