../../Middlewares/ST/touchgfx/framework/include/touchgfx/Drawable.hpp:147:23:virtual touchgfx::Drawable* touchgfx::Drawable::getFirstChild()	0	static
../../Middlewares/ST/touchgfx/framework/include/touchgfx/Drawable.hpp:315:18:virtual void touchgfx::Drawable::setX(int16_t)	0	static
../../Middlewares/ST/touchgfx/framework/include/touchgfx/Drawable.hpp:327:18:virtual void touchgfx::Drawable::setY(int16_t)	0	static
../../Middlewares/ST/touchgfx/framework/include/touchgfx/Drawable.hpp:356:18:virtual void touchgfx::Drawable::setWidth(int16_t)	0	static
../../Middlewares/ST/touchgfx/framework/include/touchgfx/Drawable.hpp:368:18:virtual void touchgfx::Drawable::setHeight(int16_t)	0	static
../../Middlewares/ST/touchgfx/framework/include/touchgfx/Drawable.hpp:378:18:virtual void touchgfx::Drawable::childGeometryChanged()	0	static
../../Middlewares/ST/touchgfx/framework/include/touchgfx/Drawable.hpp:389:18:virtual void touchgfx::Drawable::handleClickEvent(const touchgfx::ClickEvent&)	0	static
../../Middlewares/ST/touchgfx/framework/include/touchgfx/Drawable.hpp:401:18:virtual void touchgfx::Drawable::handleGestureEvent(const touchgfx::GestureEvent&)	0	static
../../Middlewares/ST/touchgfx/framework/include/touchgfx/Drawable.hpp:490:18:virtual void touchgfx::Drawable::handleDragEvent(const touchgfx::DragEvent&)	0	static
../../Middlewares/ST/touchgfx/framework/include/touchgfx/Drawable.hpp:501:18:virtual void touchgfx::Drawable::handleTickEvent()	0	static
../../Middlewares/ST/touchgfx/framework/include/touchgfx/Drawable.hpp:588:18:virtual void touchgfx::Drawable::moveTo(int16_t, int16_t)	4	static
../../Middlewares/ST/touchgfx/framework/include/touchgfx/Drawable.hpp:703:18:virtual void touchgfx::Drawable::setupDrawChain(const touchgfx::Rect&, touchgfx::Drawable**)	0	static
../../Middlewares/ST/touchgfx/framework/include/touchgfx/Screen.hpp:104:18:virtual void touchgfx::Screen::afterTransition()	0	static
../../Middlewares/ST/touchgfx/framework/include/touchgfx/Screen.hpp:154:18:virtual void touchgfx::Screen::handleKeyEvent(uint8_t)	0	static
C:/Users/Admin/Downloads/Project-IT4210-main/TouchGFX/gui/src/screen3_screen/Screen3View.cpp:97:6:virtual void Screen3View::tearDownScreen()	0	static
C:/Users/Admin/Downloads/Project-IT4210-main/TouchGFX/gui/src/screen3_screen/Screen3View.cpp:247:6:virtual void Screen3View::pauseBtn()	0	static
../../TouchGFX/gui/include/gui/screen3_screen/Screen3View.hpp:12:13:Screen3View::~Screen3View()	16	static
../../TouchGFX/gui/include/gui/screen3_screen/Screen3View.hpp:12:13:virtual Screen3View::~Screen3View()	8	static
../../Middlewares/ST/touchgfx/framework/include/touchgfx/Drawable.hpp:121:18:virtual void touchgfx::Drawable::invalidateContent() const	0	static
../../Middlewares/ST/touchgfx/framework/include/touchgfx/widgets/Widget.hpp:45:18:virtual void touchgfx::Widget::getLastChild(int16_t, int16_t, touchgfx::Drawable**)	0	static
../../Middlewares/ST/touchgfx/framework/include/touchgfx/Drawable.hpp:233:10:void touchgfx::Drawable::setPosition(int16_t, int16_t, int16_t, int16_t)	24	static
../../Middlewares/ST/touchgfx/framework/include/touchgfx/widgets/Box.hpp:33:5:touchgfx::Box::Box()	0	static
C:/Users/Admin/Downloads/Project-IT4210-main/TouchGFX/gui/src/screen3_screen/Screen3View.cpp:161:6:void Screen3View::drawGrid()	72	static
C:/Users/Admin/Downloads/Project-IT4210-main/TouchGFX/gui/src/screen3_screen/Screen3View.cpp:211:6:void Screen3View::drawPreview()	128	static
C:/Users/Admin/Downloads/Project-IT4210-main/TouchGFX/gui/src/screen3_screen/Screen3View.cpp:24:1:Screen3View::Screen3View()	72	static
C:/Users/Admin/Downloads/Project-IT4210-main/TouchGFX/gui/src/screen3_screen/Screen3View.cpp:87:6:virtual void Screen3View::setupScreen()	8	static
C:/Users/Admin/Downloads/Project-IT4210-main/TouchGFX/gui/src/screen3_screen/Screen3View.cpp:107:6:virtual void Screen3View::handleTickEvent()	32	static
