../../TouchGFX/gui/include/gui/screen1_screen/Screen1Presenter.hpp:28:13:Screen1Presenter::~Screen1Presenter()	0	static
C:/Users/Admin/Downloads/Project-IT4210-main/TouchGFX/gui/src/screen1_screen/Screen1Presenter.cpp:10:6:virtual void Screen1Presenter::activate()	0	static
../../TouchGFX/gui/include/gui/screen1_screen/Screen1Presenter.hpp:28:13:virtual Screen1Presenter::~Screen1Presenter()	8	static
../../TouchGFX/gui/include/gui/screen1_screen/Screen1Presenter.hpp:28:13:virtual void* Screen1Presenter::_ZThn4_N16Screen1PresenterD1Ev()	0	static
C:/Users/Admin/Downloads/Project-IT4210-main/TouchGFX/gui/src/screen1_screen/Screen1Presenter.cpp:4:1:Screen1Presenter::Screen1Presenter(Screen1View&)	0	static
C:/Users/Admin/Downloads/Project-IT4210-main/TouchGFX/gui/src/screen1_screen/Screen1Presenter.cpp:20:5:int Screen1Presenter::getHighestScore() const	0	static
C:/Users/Admin/Downloads/Project-IT4210-main/TouchGFX/gui/src/screen1_screen/Screen1Presenter.cpp:23:6:void Screen1Presenter::setHighestScore(int)	0	static
