../../Middlewares/ST/touchgfx/framework/include/touchgfx/Screen.hpp:104:18:virtual void touchgfx::Screen::afterTransition()	0	static
../../Middlewares/ST/touchgfx/framework/include/touchgfx/Screen.hpp:144:18:virtual void touchgfx::Screen::handleTickEvent()	0	static
../../Middlewares/ST/touchgfx/framework/include/touchgfx/Screen.hpp:154:18:virtual void touchgfx::Screen::handleKeyEvent(uint8_t)	0	static
../../TouchGFX/generated/gui_generated/include/gui_generated/screen5_screen/Screen5ViewBase.hpp:24:18:virtual void Screen5ViewBase::scrollList1UpdateItem(CustomContainer1&, int16_t)	0	static
C:/Users/Admin/Downloads/Project-IT4210-main/TouchGFX/gui/src/screen5_screen/Screen5View.cpp:13:6:virtual void Screen5View::tearDownScreen()	0	static
../../TouchGFX/gui/include/gui/screen5_screen/Screen5View.hpp:11:13:Screen5View::~Screen5View()	8	static
../../TouchGFX/gui/include/gui/screen5_screen/Screen5View.hpp:11:13:virtual Screen5View::~Screen5View()	8	static
C:/Users/Admin/Downloads/Project-IT4210-main/TouchGFX/gui/src/screen5_screen/Screen5View.cpp:3:1:Screen5View::Screen5View()	8	static
C:/Users/Admin/Downloads/Project-IT4210-main/TouchGFX/gui/src/screen5_screen/Screen5View.cpp:8:6:virtual void Screen5View::setupScreen()	0	static
