../../Middlewares/ST/touchgfx/framework/include/touchgfx/Screen.hpp:104:18:virtual void touchgfx::Screen::afterTransition()	0	static
../../Middlewares/ST/touchgfx/framework/include/touchgfx/Screen.hpp:154:18:virtual void touchgfx::Screen::handleKeyEvent(uint8_t)	0	static
C:/Projects/Tetris/TouchGFX/gui/src/screen2_screen/Screen2View.cpp:16:6:virtual void Screen2View::tearDownScreen()	0	static
C:/Projects/Tetris/TouchGFX/gui/src/screen2_screen/Screen2View.cpp:21:6:virtual void Screen2View::easyBtn()	16	static
C:/Projects/Tetris/TouchGFX/gui/src/screen2_screen/Screen2View.cpp:30:6:virtual void Screen2View::mediumBtn()	16	static
C:/Projects/Tetris/TouchGFX/gui/src/screen2_screen/Screen2View.cpp:39:6:virtual void Screen2View::hardBtn()	16	static
../../TouchGFX/gui/include/gui/screen2_screen/Screen2View.hpp:11:13:Screen2View::~Screen2View()	8	static
../../TouchGFX/gui/include/gui/screen2_screen/Screen2View.hpp:11:13:virtual Screen2View::~Screen2View()	8	static
C:/Projects/Tetris/TouchGFX/gui/src/screen2_screen/Screen2View.cpp:6:1:Screen2View::Screen2View()	8	static
C:/Projects/Tetris/TouchGFX/gui/src/screen2_screen/Screen2View.cpp:11:6:virtual void Screen2View::setupScreen()	0	static
C:/Projects/Tetris/TouchGFX/gui/src/screen2_screen/Screen2View.cpp:49:6:virtual void Screen2View::handleTickEvent()	8	static
